Erros 2025/12/04: 

Editar o nome do usuario pela tela inicial, não atualiza o nome mostrado na tela
Quando olho para a tela de classes vejo somente fezes
Classe não aparece na tela de editar time

